// Jest Snapshot v1, https://goo.gl/fbAQLP

exports[`Testing App: HooksApp should renders correctly 1`] = `
<div>
  <h1>
    Hello world
  </h1>
</div>
`;
